
> haritham@0.1.0 build
> next build

  Γû▓ Next.js 14.2.35

   Creating an optimized production build ...
 Γ£ô Compiled successfully
   Linting and checking validity of types ...
node.exe : 
At C:\Program Files\nodejs\npm.ps1:29 
char:3
+   & $NODE_EXE $NPM_CLI_JS $args
+   ~~~~~~~~~~~~~~~~~~~~~~~~~~~~~
    + CategoryInfo          : NotSpec 
   ified: (:String) [], RemoteExcept  
  ion
    + FullyQualifiedErrorId : NativeC 
   ommandError
 
Failed to compile.

./app/components/LocalShops.tsx
4:18  Error: 'Phone' is defined but 
never used.  
@typescript-eslint/no-unused-vars

./app/components/Navbar.tsx
19:10  Error: 'scrolled' is assigned 
a value but never used.  
@typescript-eslint/no-unused-vars

info  - Need to disable some ESLint 
rules? Learn more here: https://nextjs
.org/docs/basic-features/eslint#disabl
ing-rules
